******************************************************************************
                  TI ARM Linker PC v18.1.1                     
******************************************************************************
>> Linked Thu May  3 01:33:09 2018

OUTPUT FILE NAME:   <Motor-PWM.out>
ENTRY POINT SYMBOL: "_c_int00_noargs"  address: 00000cad


MEMORY CONFIGURATION

         name            origin    length      used     unused   attr    fill
----------------------  --------  ---------  --------  --------  ----  --------
  FLASH                 00000000   00040000  00000d4a  0003f2b6  R  X
  SRAM                  20000000   00008000  0000025c  00007da4  RW X


SEGMENT ALLOCATION MAP

run origin  load origin   length   init length attrs members
----------  ----------- ---------- ----------- ----- -------
00000000    00000000    00000d4c   00000d4c    r-x
  00000000    00000000    0000026c   0000026c    r-- .intvecs
  0000026c    0000026c    00000a9a   00000a9a    r-x .text
  00000d08    00000d08    00000044   00000044    r-- .cinit
20000000    20000000    0000025c   00000000    rw-
  20000000    20000000    00000200   00000000    rw- .stack
  20000200    20000200    0000005c   00000000    rw- .data


SECTION ALLOCATION MAP

 output                                  attributes/
section   page    origin      length       input sections
--------  ----  ----------  ----------   ----------------
.intvecs   0    00000000    0000026c     
                  00000000    0000026c     tm4c123gh6pm_startup_ccs.obj (.intvecs)

.text      0    0000026c    00000a9a     
                  0000026c    0000048c     GPIOConfig.obj (.text)
                  000006f8    0000034c     main.obj (.text)
                  00000a44    00000120     Utils.obj (.text)
                  00000b64    0000009c     rtsv7M4_T_le_v4SPD16_eabi.lib : memcpy_t2.asm.obj (.text)
                  00000c00    00000068                                   : copy_decompress_lzss.c.obj (.text:decompress:lzss:__TI_decompress_lzss)
                  00000c68    00000044                                   : autoinit.c.obj (.text:__TI_auto_init_nobinit_nopinit:__TI_auto_init_nobinit_nopinit)
                  00000cac    00000038                                   : boot_cortex_m.c.obj (.text:_c_int00_noargs:_c_int00_noargs)
                  00000ce4    0000000e                                   : copy_decompress_none.c.obj (.text:decompress:none:__TI_decompress_none)
                  00000cf2    0000000c     tm4c123gh6pm_startup_ccs.obj (.text)
                  00000cfe    00000004     rtsv7M4_T_le_v4SPD16_eabi.lib : pre_init.c.obj (.text:_system_pre_init)
                  00000d02    00000004                                   : exit.c.obj (.text:abort:abort)

.cinit     0    00000d08    00000044     
                  00000d08    00000034     (.cinit..data.load) [load image, compression = lzss]
                  00000d3c    00000008     (__TI_handler_table)
                  00000d44    00000008     (__TI_cinit_table)

.init_array 
*          0    00000000    00000000     UNINITIALIZED

.data      0    20000200    0000005c     UNINITIALIZED
                  20000200    00000046     Utils.obj (.data:numeros)
                  20000246    0000000e     Utils.obj (.data:pins)
                  20000254    00000008     main.obj (.data)

.stack     0    20000000    00000200     UNINITIALIZED
                  20000000    00000004     rtsv7M4_T_le_v4SPD16_eabi.lib : boot_cortex_m.c.obj (.stack)
                  20000004    000001fc     --HOLE--

MODULE SUMMARY

       Module                         code   ro data   rw data
       ------                         ----   -------   -------
    .\
       GPIOConfig.obj                 1164   0         0      
       main.obj                       844    0         8      
       tm4c123gh6pm_startup_ccs.obj   12     620       0      
       Utils.obj                      288    0         84     
    +--+------------------------------+------+---------+---------+
       Total:                         2308   620       92     
                                                              
    C:\ti\ccsv8\tools\compiler\ti-cgt-arm_18.1.1.LTS\lib\rtsv7M4_T_le_v4SPD16_eabi.lib
       memcpy_t2.asm.obj              156    0         0      
       copy_decompress_lzss.c.obj     104    0         0      
       autoinit.c.obj                 68     0         0      
       boot_cortex_m.c.obj            56     0         0      
       copy_decompress_none.c.obj     14     0         0      
       exit.c.obj                     4      0         0      
       pre_init.c.obj                 4      0         0      
    +--+------------------------------+------+---------+---------+
       Total:                         406    0         0      
                                                              
       Stack:                         0      0         512    
       Linker Generated:              0      68        0      
    +--+------------------------------+------+---------+---------+
       Grand Total:                   2714   688       604    


LINKER GENERATED COPY TABLES

__TI_cinit_table @ 00000d44 records: 1, size/record: 8, table size: 8
	.data: load addr=00000d08, load size=00000034 bytes, run addr=20000200, run size=0000005c bytes, compression=lzss


LINKER GENERATED HANDLER TABLE

__TI_handler_table @ 00000d3c records: 2, size/record: 4, table size: 8
	index: 0, handler: __TI_decompress_lzss
	index: 1, handler: __TI_decompress_none


GLOBAL SYMBOLS: SORTED ALPHABETICALLY BY Name 

address   name                          
-------   ----                          
00000d03  C$$EXIT                       
000006b7  ConfigSysTick                 
00000479  GPIOConfig                    
000006f9  InterruptSystick              
000002bd  LerPino                       
0000061f  LerPino_Dir                   
0000026d  LigarPort                     
0000074d  MilliSec                      
00000719  PWM                           
00000cf3  ResetISR                      
000005ad  SetDen                        
0000033f  SetPino                       
000006a1  TempoSysTick_us               
20000200  __STACK_END                   
00000200  __STACK_SIZE                  
20000200  __STACK_TOP                   
00000d44  __TI_CINIT_Base               
00000d4c  __TI_CINIT_Limit              
00000d3c  __TI_Handler_Table_Base       
00000d44  __TI_Handler_Table_Limit      
00000c69  __TI_auto_init_nobinit_nopinit
00000c01  __TI_decompress_lzss          
00000ce5  __TI_decompress_none          
ffffffff  __TI_pprof_out_hndl           
ffffffff  __TI_prof_data_size           
ffffffff  __TI_prof_data_start          
00000000  __TI_static_base__            
00000b65  __aeabi_memcpy                
00000b65  __aeabi_memcpy4               
00000b65  __aeabi_memcpy8               
ffffffff  __binit__                     
ffffffff  __c_args__                    
UNDEFED   __mpu_init                    
20000000  __stack                       
00000cad  _c_int00_noargs               
UNDEFED   _system_post_cinit            
00000cff  _system_pre_init              
00000d03  abort                         
ffffffff  binit                         
00000a45  countDigits                   
00000000  g_pfnVectors                  
00000777  main                          
00000b65  memcpy                        
00000765  millis                        
00000281  nPino                         
20000200  numeros                       
20000246  pins                          
20000254  pwm                           
20000258  temp_total                    
00000a73  writeNumber                   


GLOBAL SYMBOLS: SORTED BY Symbol Address 

address   name                          
-------   ----                          
00000000  __TI_static_base__            
00000000  g_pfnVectors                  
00000200  __STACK_SIZE                  
0000026d  LigarPort                     
00000281  nPino                         
000002bd  LerPino                       
0000033f  SetPino                       
00000479  GPIOConfig                    
000005ad  SetDen                        
0000061f  LerPino_Dir                   
000006a1  TempoSysTick_us               
000006b7  ConfigSysTick                 
000006f9  InterruptSystick              
00000719  PWM                           
0000074d  MilliSec                      
00000765  millis                        
00000777  main                          
00000a45  countDigits                   
00000a73  writeNumber                   
00000b65  __aeabi_memcpy                
00000b65  __aeabi_memcpy4               
00000b65  __aeabi_memcpy8               
00000b65  memcpy                        
00000c01  __TI_decompress_lzss          
00000c69  __TI_auto_init_nobinit_nopinit
00000cad  _c_int00_noargs               
00000ce5  __TI_decompress_none          
00000cf3  ResetISR                      
00000cff  _system_pre_init              
00000d03  C$$EXIT                       
00000d03  abort                         
00000d3c  __TI_Handler_Table_Base       
00000d44  __TI_CINIT_Base               
00000d44  __TI_Handler_Table_Limit      
00000d4c  __TI_CINIT_Limit              
20000000  __stack                       
20000200  __STACK_END                   
20000200  __STACK_TOP                   
20000200  numeros                       
20000246  pins                          
20000254  pwm                           
20000258  temp_total                    
ffffffff  __TI_pprof_out_hndl           
ffffffff  __TI_prof_data_size           
ffffffff  __TI_prof_data_start          
ffffffff  __binit__                     
ffffffff  __c_args__                    
ffffffff  binit                         
UNDEFED   __mpu_init                    
UNDEFED   _system_post_cinit            

[50 symbols]
